// Jest Snapshot v1, https://goo.gl/fbAQLP

exports[`WorkbookForm should render correctly 1`] = `
<Provider
  store={
    Object {
      "dispatch": [Function],
      "getState": [Function],
      "replaceReducer": [Function],
      "subscribe": [Function],
      Symbol(observable): [Function],
    }
  }
>
  <BrowserRouter>
    <Router
      history={
        Object {
          "action": "POP",
          "block": [Function],
          "createHref": [Function],
          "go": [Function],
          "goBack": [Function],
          "goForward": [Function],
          "length": 1,
          "listen": [Function],
          "location": Object {
            "hash": "",
            "pathname": "/",
            "search": "",
            "state": undefined,
          },
          "push": [Function],
          "replace": [Function],
        }
      }
    >
      <Connect(WorkplaceForm)
        match={
          Object {
            "params": Object {
              "id": "qwer",
              "workbookId": "asdf",
            },
          }
        }
      >
        <WorkplaceForm
          attemptCreateWorkplace={[Function]}
          attemptGetWorkplace={[Function]}
          attemptUpdateWorkplace={[Function]}
          match={
            Object {
              "params": Object {
                "id": "qwer",
                "workbookId": "asdf",
              },
            }
          }
          workplaces={Immutable.Map {}}
        />
      </Connect(WorkplaceForm)>
    </Router>
  </BrowserRouter>
</Provider>
`;
