// Jest Snapshot v1, https://goo.gl/fbAQLP

exports[`WorkbookForm should render correctly 1`] = `
<Provider
  store={
    Object {
      "dispatch": [Function],
      "getState": [Function],
      "replaceReducer": [Function],
      "subscribe": [Function],
      Symbol(observable): [Function],
    }
  }
>
  <BrowserRouter>
    <Router
      history={
        Object {
          "action": "POP",
          "block": [Function],
          "createHref": [Function],
          "go": [Function],
          "goBack": [Function],
          "goForward": [Function],
          "length": 1,
          "listen": [Function],
          "location": Object {
            "hash": "",
            "pathname": "/",
            "search": "",
            "state": undefined,
          },
          "push": [Function],
          "replace": [Function],
        }
      }
    >
      <Connect(WorkbookForm)
        match={
          Object {
            "params": Object {
              "id": "asdf",
            },
          }
        }
      >
        <WorkbookForm
          attemptCreateWorkbook={[Function]}
          attemptGetWorkbook={[Function]}
          attemptUpdateWorkbook={[Function]}
          match={
            Object {
              "params": Object {
                "id": "asdf",
              },
            }
          }
          workbooks={Immutable.Map {}}
        />
      </Connect(WorkbookForm)>
    </Router>
  </BrowserRouter>
</Provider>
`;
